exports[`test renders correctly 1`] = `
<div
  className="sticky-logo">
  Your Component Here :)
</div>
`;
