exports[`HeaderBackdrop renders correctly 1`] = `
<div
  className="header-backdrop" />
`;
