exports[`AddToCartButton renders correctly 1`] = `
<div
  className="add-to-cart-button">
  Your Component Here :)
</div>
`;
