exports[`Button renders correctly 1`] = `
<div
  className="button">
  Your Component Here :)
</div>
`;
