exports[`ProductsListFilter renders correctly 1`] = `
<div
  className="products-list-filter">
  <ul>
    <li
      className="is-active">
      Print
    </li>
    <li>
      Original
    </li>
    <li>
      All
    </li>
  </ul>
</div>
`;
