exports[`HeaderContents renders correctly 1`] = `
<div
  className="header-contents">
  City: Montreal
</div>
`;
