exports[`Logo renders correctly 1`] = `
<h2
  className="logo">
  Basilica
</h2>
`;
