exports[`Editorial renders correctly 1`] = `
<div
  className="editorial">
  Words and Stuff
</div>
`;
